=== RUN   TestContact_ListContacts
--- FAIL: TestContact_ListContacts (0.00s)
panic: runtime error: invalid memory address or nil pointer dereference [recovered, repanicked]
[signal SIGSEGV: segmentation violation code=0x1 addr=0x20 pc=0x6a4999]

goroutine 8 [running]:
testing.tRunner.func1.2({0x7c61e0, 0xb5ab80})
	/usr/local/go/src/testing/testing.go:1872 +0x237
testing.tRunner.func1()
	/usr/local/go/src/testing/testing.go:1875 +0x35b
panic({0x7c61e0?, 0xb5ab80?})
	/usr/local/go/src/runtime/panic.go:783 +0x132
net/http.(*maxBytesReader).Read(0xc000098ec0, {0xc0001b6000?, 0x41a2d4?, 0x77a6b0?})
	/usr/local/go/src/net/http/request.go:1225 +0x59
encoding/json.(*Decoder).refill(0xc0000eedc0)
	/usr/local/go/src/encoding/json/stream.go:167 +0x188
encoding/json.(*Decoder).readValue(0xc0000eedc0)
	/usr/local/go/src/encoding/json/stream.go:142 +0x85
encoding/json.(*Decoder).Decode(0xc0000eedc0, {0x79f5c0, 0xc00018cb60})
	/usr/local/go/src/encoding/json/stream.go:65 +0x75
email_campaign/internal/utils.ReadJSON({0x8d6108, 0xc00007e8c0}, 0xc0000eec80, {0x79f5c0, 0xc00018cb60})
	/root/coding/go-folder/email_campaign/backend/internal/utils/json.go:64 +0x145
email_campaign/internal/handler.(*ContactHandler).ListContacts(0xc00003a690, {0x8d6108, 0xc00007e8c0}, 0xc0000eec80)
	/root/coding/go-folder/email_campaign/backend/internal/handler/contact.go:50 +0x75
net/http.HandlerFunc.ServeHTTP(0xc0000eea00?, {0x8d6108?, 0xc00007e8c0?}, 0x8d0ec0?)
	/usr/local/go/src/net/http/server.go:2322 +0x29
email_campaign/internal/server.(*Server).RegisterRoutes.AuthMiddleware.func7({0x8d6108, 0xc00007e8c0}, 0xc0000eea00)
	/root/coding/go-folder/email_campaign/backend/internal/middleware/auth.go:37 +0x18a
net/http.HandlerFunc.ServeHTTP(0xc0000d20c0?, {0x8d6108?, 0xc00007e8c0?}, 0x1?)
	/usr/local/go/src/net/http/server.go:2322 +0x29
net/http.(*ServeMux).ServeHTTP(0x8d5bf8?, {0x8d6108, 0xc00007e8c0}, 0xc0000eea00)
	/usr/local/go/src/net/http/server.go:2861 +0x1c7
email_campaign/internal/server.NewServer.RequestLogger.func1({0x8d5bf8, 0xc000098e80}, 0xc0000eea00)
	/root/coding/go-folder/email_campaign/backend/internal/middleware/logging.go:48 +0xa2
net/http.HandlerFunc.ServeHTTP(0x80d860?, {0x8d5bf8?, 0xc000098e80?}, 0xd?)
	/usr/local/go/src/net/http/server.go:2322 +0x29
email_campaign/tests.TestContact_ListContacts(0xc0000b68c0)
	/root/coding/go-folder/email_campaign/backend/tests/contact_test.go:41 +0xdc6
testing.tRunner(0xc0000b68c0, 0x860490)
	/usr/local/go/src/testing/testing.go:1934 +0xea
created by testing.(*T).Run in goroutine 1
	/usr/local/go/src/testing/testing.go:1997 +0x465
FAIL	email_campaign/tests	0.012s
FAIL
